Copyright 1986-2019 Xilinx, Inc. All Rights Reserved.
----------------------------------------------------------------------------------------------------------------------------------------------------------------------
| Tool Version     : Vivado v.2019.1 (win64) Build 2552052 Fri May 24 14:49:42 MDT 2019
| Date             : Mon Sep  1 15:36:36 2025
| Host             : TOR00094 running 64-bit major release  (build 9200)
| Command          : report_power -file design_1_wrapper_power_routed.rpt -pb design_1_wrapper_power_summary_routed.pb -rpx design_1_wrapper_power_routed.rpx
| Design           : design_1_wrapper
| Device           : xc7k325tffg676-2
| Design State     : routed
| Grade            : commercial
| Process          : typical
| Characterization : Production
----------------------------------------------------------------------------------------------------------------------------------------------------------------------

Power Report

Table of Contents
-----------------
1. Summary
1.1 On-Chip Components
1.2 Power Supply Summary
1.3 Confidence Level
2. Settings
2.1 Environment
2.2 Clock Constraints
3. Detailed Reports
3.1 By Hierarchy

1. Summary
----------

+--------------------------+--------------+
| Total On-Chip Power (W)  | 2.870        |
| Design Power Budget (W)  | Unspecified* |
| Power Budget Margin (W)  | NA           |
| Dynamic (W)              | 2.678        |
| Device Static (W)        | 0.191        |
| Effective TJA (C/W)      | 1.9          |
| Max Ambient (C)          | 79.6         |
| Junction Temperature (C) | 30.4         |
| Confidence Level         | Low          |
| Setting File             | ---          |
| Simulation Activity File | ---          |
| Design Nets Matched      | NA           |
+--------------------------+--------------+
* Specify Design Power Budget using, set_operating_conditions -design_power_budget <value in Watts>


1.1 On-Chip Components
----------------------

+--------------------------+-----------+----------+-----------+-----------------+
| On-Chip                  | Power (W) | Used     | Available | Utilization (%) |
+--------------------------+-----------+----------+-----------+-----------------+
| Clocks                   |     0.264 |       19 |       --- |             --- |
| Slice Logic              |     0.148 |   159348 |       --- |             --- |
|   LUT as Logic           |     0.102 |    44281 |    203800 |           21.73 |
|   LUT as Shift Register  |     0.018 |     5359 |     64000 |            8.37 |
|   Register               |     0.016 |    75716 |    407600 |           18.58 |
|   CARRY4                 |     0.012 |     7121 |     50950 |           13.98 |
|   F7/F8 Muxes            |    <0.001 |     1258 |    203800 |            0.62 |
|   LUT as Distributed RAM |    <0.001 |     1258 |     64000 |            1.97 |
|   Others                 |     0.000 |    12237 |       --- |             --- |
| Signals                  |     0.159 |   100091 |       --- |             --- |
| Block RAM                |     0.189 |    114.5 |       445 |           25.73 |
| MMCM                     |     0.341 |        3 |        10 |           30.00 |
| PLL                      |     0.113 |        1 |        10 |           10.00 |
| DSPs                     |     0.035 |      122 |       840 |           14.52 |
| I/O                      |     1.429 |      225 |       400 |           56.25 |
| Static Power             |     0.191 |          |           |                 |
| Total                    |     2.870 |          |           |                 |
+--------------------------+-----------+----------+-----------+-----------------+


1.2 Power Supply Summary
------------------------

+-----------+-------------+-----------+-------------+------------+
| Source    | Voltage (V) | Total (A) | Dynamic (A) | Static (A) |
+-----------+-------------+-----------+-------------+------------+
| Vccint    |       1.000 |     0.915 |       0.826 |      0.090 |
| Vccaux    |       1.800 |     0.401 |       0.372 |      0.029 |
| Vcco33    |       3.300 |     0.072 |       0.071 |      0.001 |
| Vcco25    |       2.500 |     0.255 |       0.254 |      0.001 |
| Vcco18    |       1.800 |     0.168 |       0.167 |      0.001 |
| Vcco15    |       1.500 |     0.000 |       0.000 |      0.000 |
| Vcco135   |       1.350 |     0.000 |       0.000 |      0.000 |
| Vcco12    |       1.200 |     0.000 |       0.000 |      0.000 |
| Vccaux_io |       1.800 |     0.000 |       0.000 |      0.000 |
| Vccbram   |       1.000 |     0.020 |       0.014 |      0.006 |
| MGTAVcc   |       1.000 |     0.000 |       0.000 |      0.000 |
| MGTAVtt   |       1.200 |     0.000 |       0.000 |      0.000 |
| MGTVccaux |       1.800 |     0.000 |       0.000 |      0.000 |
| Vccadc    |       1.800 |     0.020 |       0.000 |      0.020 |
+-----------+-------------+-----------+-------------+------------+


1.3 Confidence Level
--------------------

+-----------------------------+------------+--------------------------------------------------------+------------------------------------------------------------------------------------------------------------+
| User Input Data             | Confidence | Details                                                | Action                                                                                                     |
+-----------------------------+------------+--------------------------------------------------------+------------------------------------------------------------------------------------------------------------+
| Design implementation state | High       | Design is routed                                       |                                                                                                            |
| Clock nodes activity        | High       | User specified more than 95% of clocks                 |                                                                                                            |
| I/O nodes activity          | Low        | More than 75% of inputs are missing user specification | Provide missing input activity with simulation results or by editing the "By Resource Type -> I/Os" view   |
| Internal nodes activity     | Medium     | User specified less than 25% of internal nodes         | Provide missing internal nodes activity with simulation results or by editing the "By Resource Type" views |
| Device models               | High       | Device models are Production                           |                                                                                                            |
|                             |            |                                                        |                                                                                                            |
| Overall confidence level    | Low        |                                                        |                                                                                                            |
+-----------------------------+------------+--------------------------------------------------------+------------------------------------------------------------------------------------------------------------+


2. Settings
-----------

2.1 Environment
---------------

+-----------------------+--------------------------+
| Ambient Temp (C)      | 25.0                     |
| ThetaJA (C/W)         | 1.9                      |
| Airflow (LFM)         | 250                      |
| Heat Sink             | medium (Medium Profile)  |
| ThetaSA (C/W)         | 3.4                      |
| Board Selection       | medium (10"x10")         |
| # of Board Layers     | 12to15 (12 to 15 Layers) |
| Board Temperature (C) | 25.0                     |
+-----------------------+--------------------------+


2.2 Clock Constraints
---------------------

+--------------------------------------------------------------------------------------------+----------------------------------------------------------------------------------------------------------------------------------------------------------------------+-----------------+
| Clock                                                                                      | Domain                                                                                                                                                               | Constraint (ns) |
+--------------------------------------------------------------------------------------------+----------------------------------------------------------------------------------------------------------------------------------------------------------------------+-----------------+
| axi_c2c_selio_rx_clk_in                                                                    | AXI_TX_CLK_IN                                                                                                                                                        |            10.0 |
| axi_periph_clk_design_1_CLK_COMMON_0                                                       | design_1_i/CLK_AXI/CLK_COMMON/inst/axi_periph_clk_design_1_CLK_COMMON_0                                                                                              |            10.0 |
| clk_out                                                                                    | design_1_i/AXI_Peripheral/AXI_C2C/inst/master_fpga_gen.axi_chip2chip_master_phy_inst/master_sio_phy.axi_chip2chip_sio_input_inst/axi_chip2chip_clk_gen_inst/clk_out  |            10.0 |
| clk_out1_design_1_clk_wiz_0_0                                                              | design_1_i/clk_wiz_0/inst/clk_out1_design_1_clk_wiz_0_0                                                                                                              |             5.4 |
| clk_out2_design_1_clk_wiz_0_0                                                              | design_1_i/clk_wiz_0/inst/clk_out2_design_1_clk_wiz_0_0                                                                                                              |             3.6 |
| clkfbout                                                                                   | design_1_i/AXI_Peripheral/AXI_C2C/inst/master_fpga_gen.axi_chip2chip_master_phy_inst/master_sio_phy.axi_chip2chip_sio_input_inst/axi_chip2chip_clk_gen_inst/clkfbout |            10.0 |
| clkfbout_design_1_CLK_COMMON_0                                                             | design_1_i/CLK_AXI/CLK_COMMON/inst/clkfbout_design_1_CLK_COMMON_0                                                                                                    |            25.0 |
| clkfbout_design_1_clk_DSP_0                                                                | design_1_i/AD9361_CTRL/ad9361_clk/clk_DSP/inst/clkfbout_design_1_clk_DSP_0                                                                                           |            25.0 |
| clkfbout_design_1_clk_wiz_0_0                                                              | design_1_i/clk_wiz_0/inst/clkfbout_design_1_clk_wiz_0_0                                                                                                              |            32.6 |
| dbg_hub/inst/BSCANID.u_xsdbm_id/SWITCH_N_EXT_BSCAN.bscan_inst/SERIES7_BSCAN.bscan_inst/TCK | dbg_hub/inst/BSCANID.u_xsdbm_id/SWITCH_N_EXT_BSCAN.bscan_inst/tck_bs                                                                                                 |            33.0 |
| delay_clk_design_1_CLK_COMMON_0                                                            | design_1_i/CLK_AXI/CLK_COMMON/inst/delay_clk_design_1_CLK_COMMON_0                                                                                                   |             5.0 |
| prm_clk_40                                                                                 | FPGA_REF_40MHZ                                                                                                                                                       |            25.0 |
| prm_clk_ad1                                                                                | ad9361_DCLK_1_P                                                                                                                                                      |             4.0 |
| prm_clk_ad2                                                                                | ad9361_DCLK_2_P                                                                                                                                                      |             4.0 |
| prm_clk_ad3                                                                                | ad9361_DCLK_3_P                                                                                                                                                      |             4.0 |
| prm_clk_ad4                                                                                | ad9364_DCLK_P                                                                                                                                                        |             4.0 |
| sample_rate_30_72_design_1_clk_DSP_0                                                       | design_1_i/AD9361_CTRL/ad9361_clk/clk_DSP/inst/sample_rate_30_72_design_1_clk_DSP_0                                                                                  |            32.6 |
+--------------------------------------------------------------------------------------------+----------------------------------------------------------------------------------------------------------------------------------------------------------------------+-----------------+


3. Detailed Reports
-------------------

3.1 By Hierarchy
----------------

+---------------------------+-----------+
| Name                      | Power (W) |
+---------------------------+-----------+
| design_1_wrapper          |     2.678 |
|   dbg_hub                 |     0.004 |
|     inst                  |     0.004 |
|       BSCANID.u_xsdbm_id  |     0.004 |
|   design_1_i              |     2.645 |
|     AD9361_CTRL           |     0.975 |
|       AD9361_1            |     0.391 |
|       AD9361_2            |     0.234 |
|       AD9361_3            |     0.232 |
|       ad9361_clk          |     0.119 |
|     AD9364                |     0.377 |
|       axi_ad9364          |     0.376 |
|     AXI_Peripheral        |     0.447 |
|       AXI_C2C             |     0.441 |
|       AXI_C2C_axi_periph  |     0.001 |
|       AXI_DMA             |     0.005 |
|     CLK_AXI               |     0.107 |
|       CLK_COMMON          |     0.106 |
|     Control_from_SOM_0    |     0.001 |
|       inst                |     0.001 |
|     Current_turning_off_0 |     0.021 |
|       inst                |     0.021 |
|     SPI_MOD               |     0.005 |
|       axi_spi             |     0.005 |
|     clk_wiz_0             |     0.113 |
|       inst                |     0.113 |
|     only_rx_0             |     0.534 |
|       inst                |     0.534 |
|     only_tx_0             |     0.058 |
|       inst                |     0.058 |
|     vio_0                 |     0.007 |
|       inst                |     0.007 |
|   u_ila_0                 |     0.016 |
|     inst                  |     0.016 |
|       ila_core_inst       |     0.016 |
+---------------------------+-----------+


